=== Sat Apr  4 11:17:00 PM PDT 2026 ===
2026-04-04 23:12:53,922 - INFO -     τ=0.02: Hit@5=0.313, exit=100.0%, lat=0.2ms
2026-04-04 23:14:08,884 - INFO -     τ=0.04: Hit@5=0.313, exit=100.0%, lat=0.2ms
2026-04-04 23:15:23,905 - INFO -     τ=0.06: Hit@5=0.313, exit=100.0%, lat=0.2ms
2026-04-04 23:16:39,713 - INFO -     τ=0.08: Hit@5=0.313, exit=100.0%, lat=0.2ms

=== Sat Apr  4 11:27:00 PM PDT 2026 ===
2026-04-04 23:20:27,139 - INFO -     τ=0.20: Hit@5=0.315, exit=99.2%, lat=1.1ms
2026-04-04 23:21:55,902 - INFO -     τ=0.25: Hit@5=0.316, exit=93.8%, lat=6.9ms
2026-04-04 23:23:51,814 - INFO -     τ=0.30: Hit@5=0.336, exit=81.1%, lat=20.8ms
2026-04-04 23:26:25,352 - INFO -     τ=0.35: Hit@5=0.345, exit=64.0%, lat=39.4ms

=== Sat Apr  4 11:37:00 PM PDT 2026 ===
2026-04-04 23:29:26,781 - INFO -     τ=0.40: Hit@5=0.357, exit=51.2%, lat=53.2ms
2026-04-04 23:29:26,781 - INFO -   → Optimal τ*=0.4 → Hit@5=0.357
2026-04-04 23:32:27,776 - INFO -   Seed 42: Hit@5=0.357, exit=51.2%, lat=53.1ms
2026-04-04 23:35:30,499 - INFO -   Seed 43: Hit@5=0.370, exit=51.2%, lat=53.8ms

=== Sat Apr  4 11:47:00 PM PDT 2026 ===
2026-04-04 23:40:17,079 - INFO -     τ=0.02: Hit@5=0.322, exit=87.9%, lat=14.5ms
2026-04-04 23:42:06,917 - INFO -     τ=0.04: Hit@5=0.322, exit=87.9%, lat=16.1ms
2026-04-04 23:43:56,965 - INFO -     τ=0.06: Hit@5=0.322, exit=87.9%, lat=16.1ms
2026-04-04 23:45:46,579 - INFO -     τ=0.08: Hit@5=0.322, exit=87.9%, lat=16.1ms

=== Sat Apr  4 11:57:00 PM PDT 2026 ===
2026-04-04 23:49:23,702 - INFO -     τ=0.15: Hit@5=0.323, exit=87.6%, lat=16.1ms
2026-04-04 23:51:22,779 - INFO -     τ=0.20: Hit@5=0.323, exit=83.5%, lat=21.5ms
2026-04-04 23:53:46,302 - INFO -     τ=0.25: Hit@5=0.339, exit=73.9%, lat=33.7ms
2026-04-04 23:56:43,869 - INFO -     τ=0.30: Hit@5=0.345, exit=62.3%, lat=50.8ms

=== Sun Apr  5 12:07:00 AM PDT 2026 ===
2026-04-04 23:56:43,869 - INFO -     τ=0.30: Hit@5=0.345, exit=62.3%, lat=50.8ms
2026-04-05 00:00:30,642 - INFO -     τ=0.35: Hit@5=0.357, exit=46.9%, lat=75.1ms
2026-04-05 00:04:47,732 - INFO -     τ=0.40: Hit@5=0.359, exit=36.2%, lat=89.8ms
2026-04-05 00:04:47,732 - INFO -   → Optimal τ*=0.4 → Hit@5=0.359

=== Sun Apr  5 12:17:00 AM PDT 2026 ===
2026-04-05 00:04:47,732 - INFO -     τ=0.40: Hit@5=0.359, exit=36.2%, lat=89.8ms
2026-04-05 00:04:47,732 - INFO -   → Optimal τ*=0.4 → Hit@5=0.359
2026-04-05 00:09:05,188 - INFO -   Seed 42: Hit@5=0.359, exit=36.2%, lat=89.6ms
2026-04-05 00:13:22,835 - INFO -   Seed 43: Hit@5=0.376, exit=36.1%, lat=90.0ms

=== Sun Apr  5 12:27:00 AM PDT 2026 ===
2026-04-05 00:21:32,407 - INFO -     τ=0.06: Hit@5=0.313, exit=100.0%, lat=0.2ms
2026-04-05 00:22:50,310 - INFO -     τ=0.08: Hit@5=0.312, exit=99.9%, lat=0.4ms
2026-04-05 00:24:07,822 - INFO -     τ=0.10: Hit@5=0.312, exit=99.9%, lat=0.4ms
2026-04-05 00:25:31,413 - INFO -     τ=0.15: Hit@5=0.316, exit=97.8%, lat=3.4ms

=== Sun Apr  5 12:37:00 AM PDT 2026 ===
2026-04-05 00:32:19,306 - INFO -     τ=0.35: Hit@5=0.323, exit=88.8%, lat=15.8ms
2026-04-05 00:34:09,035 - INFO -     τ=0.40: Hit@5=0.322, exit=88.3%, lat=16.7ms
2026-04-05 00:34:09,035 - INFO -   → Optimal τ*=0.35 → Hit@5=0.323
2026-04-05 00:35:56,947 - INFO -   Seed 42: Hit@5=0.323, exit=88.8%, lat=15.7ms

=== Sun Apr  5 12:47:00 AM PDT 2026 ===
15, 0.2, 0.25, 0.3, 0.35, 0.4] ...
2026-04-05 00:41:30,542 - INFO -     τ=0.02: Hit@5=0.322, exit=87.9%, lat=17.6ms
2026-04-05 00:43:23,735 - INFO -     τ=0.04: Hit@5=0.322, exit=87.9%, lat=17.6ms
2026-04-05 00:45:15,996 - INFO -     τ=0.06: Hit@5=0.322, exit=87.9%, lat=17.5ms

=== Sun Apr  5 12:57:00 AM PDT 2026 ===
2026-04-05 00:47:34,212 - INFO -     τ=0.08: Hit@5=0.322, exit=87.9%, lat=29.5ms
2026-04-05 00:50:04,888 - INFO -     τ=0.10: Hit@5=0.322, exit=87.9%, lat=35.1ms
2026-04-05 00:52:33,488 - INFO -     τ=0.15: Hit@5=0.322, exit=87.9%, lat=35.0ms
2026-04-05 00:55:02,870 - INFO -     τ=0.20: Hit@5=0.323, exit=87.8%, lat=35.4ms

=== Sun Apr  5 01:07:00 AM PDT 2026 ===
2026-04-05 00:55:02,870 - INFO -     τ=0.20: Hit@5=0.323, exit=87.8%, lat=35.4ms
2026-04-05 00:57:39,930 - INFO -     τ=0.25: Hit@5=0.326, exit=86.2%, lat=39.6ms
2026-04-05 01:00:51,975 - INFO -     τ=0.30: Hit@5=0.329, exit=80.0%, lat=57.5ms
2026-04-05 01:04:55,212 - INFO -     τ=0.35: Hit@5=0.335, exit=71.3%, lat=82.9ms

=== Sun Apr  5 01:17:00 AM PDT 2026 ===
2026-04-05 01:10:31,034 - INFO -     τ=0.40: Hit@5=0.354, exit=55.8%, lat=128.7m
s
2026-04-05 01:10:31,035 - INFO -   → Optimal τ*=0.4 → Hit@5=0.354
2026-04-05 01:16:03,856 - INFO -   Seed 42: Hit@5=0.354, exit=55.8%, lat=127.1ms

=== Sun Apr  5 01:27:00 AM PDT 2026 ===
s
2026-04-05 01:10:31,035 - INFO -   → Optimal τ*=0.4 → Hit@5=0.354
2026-04-05 01:16:03,856 - INFO -   Seed 42: Hit@5=0.354, exit=55.8%, lat=127.1ms
2026-04-05 01:21:37,934 - INFO -   Seed 43: Hit@5=0.369, exit=55.5%, lat=127.9ms

Session ended at Sun Apr  5 01:37:00 AM PDT 2026
