2026-02-05 19:24:57,742 - INFO - 
======================================================================
2026-02-05 19:24:57,742 - INFO - DATASET: MIND
2026-02-05 19:24:57,742 - INFO - ======================================================================
2026-02-05 19:24:57,742 - INFO - Loading MIND dataset from data/mind/MINDlarge_train
2026-02-05 19:24:57,963 - INFO - Loaded 101527 news articles
2026-02-05 19:24:57,975 - INFO - Loaded 1000 samples
2026-02-05 19:24:57,976 - INFO - Loaded 1000 samples for mind
2026-02-05 19:24:57,976 - INFO - 
============================================================
2026-02-05 19:24:57,976 - INFO - RUN 1/3
2026-02-05 19:24:57,976 - INFO - ============================================================
2026-02-05 19:24:57,976 - INFO - Running bpr (run 1)
2026-02-05 19:24:58,021 - INFO - Training BPR model...
2026-02-05 19:25:01,096 - INFO -   Epoch 5/20, Loss: 0.5966
2026-02-05 19:25:03,035 - INFO -   Epoch 10/20, Loss: 0.1996
2026-02-05 19:25:04,997 - INFO -   Epoch 15/20, Loss: 0.0947
2026-02-05 19:25:07,070 - INFO -   Epoch 20/20, Loss: 0.0670
2026-02-05 19:25:07,070 - INFO - BPR training complete.
2026-02-05 19:25:07,886 - INFO -   Progress: 100/1000, Hit@5=0.4455
2026-02-05 19:25:08,721 - INFO -   Progress: 200/1000, Hit@5=0.4527
2026-02-05 19:25:09,566 - INFO -   Progress: 300/1000, Hit@5=0.4419
2026-02-05 19:25:10,352 - INFO -   Progress: 400/1000, Hit@5=0.4264
2026-02-05 19:25:11,221 - INFO -   Progress: 500/1000, Hit@5=0.4112
2026-02-05 19:25:12,085 - INFO -   Progress: 600/1000, Hit@5=0.4193
2026-02-05 19:25:12,900 - INFO -   Progress: 700/1000, Hit@5=0.4165
2026-02-05 19:25:13,766 - INFO -   Progress: 800/1000, Hit@5=0.4095
2026-02-05 19:25:14,604 - INFO -   Progress: 900/1000, Hit@5=0.4062
2026-02-05 19:25:15,379 - INFO - Running neumf (run 1)
2026-02-05 19:25:15,383 - INFO - Training NeuMF model...
2026-02-05 19:25:25,601 - INFO -   Epoch 5/20, Loss: 0.1203
2026-02-05 19:25:36,085 - INFO -   Epoch 10/20, Loss: 0.0655
2026-02-05 19:25:46,515 - INFO -   Epoch 15/20, Loss: 0.0405
2026-02-05 19:25:56,999 - INFO -   Epoch 20/20, Loss: 0.0289
2026-02-05 19:25:56,999 - INFO - NeuMF training complete.
2026-02-05 19:25:57,827 - INFO -   Progress: 100/1000, Hit@5=0.3960
2026-02-05 19:25:58,616 - INFO -   Progress: 200/1000, Hit@5=0.4279
2026-02-05 19:25:59,428 - INFO -   Progress: 300/1000, Hit@5=0.4419
2026-02-05 19:26:00,246 - INFO -   Progress: 400/1000, Hit@5=0.4239
2026-02-05 19:26:01,026 - INFO -   Progress: 500/1000, Hit@5=0.4232
2026-02-05 19:26:01,843 - INFO -   Progress: 600/1000, Hit@5=0.4326
2026-02-05 19:26:02,659 - INFO -   Progress: 700/1000, Hit@5=0.4394
2026-02-05 19:26:03,437 - INFO -   Progress: 800/1000, Hit@5=0.4357
2026-02-05 19:26:04,247 - INFO -   Progress: 900/1000, Hit@5=0.4395
2026-02-05 19:26:05,008 - INFO - Running trie_only (run 1)
2026-02-05 19:26:05,829 - INFO -   Progress: 100/1000, Hit@5=0.4356
2026-02-05 19:26:05,846 - INFO -   Progress: 200/1000, Hit@5=0.4279
2026-02-05 19:26:05,861 - INFO -   Progress: 300/1000, Hit@5=0.4551
2026-02-05 19:26:05,876 - INFO -   Progress: 400/1000, Hit@5=0.4564
2026-02-05 19:26:05,892 - INFO -   Progress: 500/1000, Hit@5=0.4511
2026-02-05 19:26:05,906 - INFO -   Progress: 600/1000, Hit@5=0.4642
2026-02-05 19:26:05,921 - INFO -   Progress: 700/1000, Hit@5=0.4665
2026-02-05 19:26:05,938 - INFO -   Progress: 800/1000, Hit@5=0.4619
2026-02-05 19:26:05,951 - INFO -   Progress: 900/1000, Hit@5=0.4628
2026-02-05 19:26:05,977 - INFO - Running trie_llm (run 1)
2026-02-05 19:31:50,526 - INFO -   Progress: 700/1000, Hit@5=0.5294
2026-02-05 19:34:05,849 - INFO - 
============================================================
2026-02-05 19:34:05,849 - INFO - RUN 2/3
2026-02-05 19:34:05,849 - INFO - ============================================================
2026-02-05 19:34:05,849 - INFO - Running bpr (run 2)
2026-02-05 19:34:05,852 - INFO - Training BPR model...
2026-02-05 19:34:07,836 - INFO -   Epoch 5/20, Loss: 0.5835
2026-02-05 19:34:09,766 - INFO -   Epoch 10/20, Loss: 0.1881
2026-02-05 19:34:11,682 - INFO -   Epoch 15/20, Loss: 0.0926
2026-02-05 19:34:13,620 - INFO -   Epoch 20/20, Loss: 0.0663
2026-02-05 19:34:13,620 - INFO - BPR training complete.
2026-02-05 19:34:14,315 - INFO -   Progress: 100/1000, Hit@5=0.4356
2026-02-05 19:34:15,009 - INFO -   Progress: 200/1000, Hit@5=0.4179
2026-02-05 19:34:15,587 - INFO -   Progress: 300/1000, Hit@5=0.3953
2026-02-05 19:34:16,279 - INFO -   Progress: 400/1000, Hit@5=0.3890
2026-02-05 19:34:16,883 - INFO -   Progress: 500/1000, Hit@5=0.4032
2026-02-05 19:34:17,569 - INFO -   Progress: 600/1000, Hit@5=0.3977
2026-02-05 19:34:18,266 - INFO -   Progress: 700/1000, Hit@5=0.4009
2026-02-05 19:34:18,816 - INFO -   Progress: 800/1000, Hit@5=0.4045
2026-02-05 19:34:19,509 - INFO -   Progress: 900/1000, Hit@5=0.4018
2026-02-05 19:34:20,215 - INFO - Running neumf (run 2)
2026-02-05 19:34:20,218 - INFO - Training NeuMF model...
2026-02-05 19:34:29,425 - INFO -   Epoch 5/20, Loss: 0.1224
2026-02-05 19:34:38,604 - INFO -   Epoch 10/20, Loss: 0.0695
2026-02-05 19:34:47,719 - INFO -   Epoch 15/20, Loss: 0.0420
2026-02-05 19:34:56,967 - INFO -   Epoch 20/20, Loss: 0.0293
2026-02-05 19:34:56,967 - INFO - NeuMF training complete.
2026-02-05 19:34:57,678 - INFO -   Progress: 100/1000, Hit@5=0.4455
2026-02-05 19:34:58,331 - INFO -   Progress: 200/1000, Hit@5=0.4279
2026-02-05 19:34:59,036 - INFO -   Progress: 300/1000, Hit@5=0.4153
2026-02-05 19:34:59,687 - INFO -   Progress: 400/1000, Hit@5=0.3990
2026-02-05 19:35:00,393 - INFO -   Progress: 500/1000, Hit@5=0.4172
2026-02-05 19:35:01,098 - INFO -   Progress: 600/1000, Hit@5=0.4143
2026-02-05 19:35:01,757 - INFO -   Progress: 700/1000, Hit@5=0.4123
2026-02-05 19:35:02,468 - INFO -   Progress: 800/1000, Hit@5=0.4170
2026-02-05 19:35:03,180 - INFO -   Progress: 900/1000, Hit@5=0.4140
2026-02-05 19:35:03,844 - INFO - Running trie_only (run 2)
2026-02-05 19:35:04,884 - INFO -   Progress: 100/1000, Hit@5=0.4554
2026-02-05 19:35:04,900 - INFO -   Progress: 200/1000, Hit@5=0.4577
2026-02-05 19:35:04,916 - INFO -   Progress: 300/1000, Hit@5=0.4286
2026-02-05 19:35:04,933 - INFO -   Progress: 400/1000, Hit@5=0.4389
2026-02-05 19:35:04,949 - INFO -   Progress: 500/1000, Hit@5=0.4471
2026-02-05 19:35:04,963 - INFO -   Progress: 600/1000, Hit@5=0.4509
2026-02-05 19:35:04,977 - INFO -   Progress: 700/1000, Hit@5=0.4494
2026-02-05 19:35:04,992 - INFO -   Progress: 800/1000, Hit@5=0.4532
2026-02-05 19:35:05,007 - INFO -   Progress: 900/1000, Hit@5=0.4440
2026-02-05 19:35:05,032 - INFO - Running trie_llm (run 2)
2026-02-05 19:42:54,028 - INFO -   Progress: 600/1000, Hit@5=0.4054
2026-02-05 19:46:23,555 - INFO - 
============================================================
2026-02-05 19:46:23,555 - INFO - RUN 3/3
2026-02-05 19:46:23,555 - INFO - ============================================================
2026-02-05 19:46:23,556 - INFO - Running bpr (run 3)
2026-02-05 19:46:23,559 - INFO - Training BPR model...
2026-02-05 19:46:25,132 - INFO -   Epoch 5/20, Loss: 0.5827
2026-02-05 19:46:26,904 - INFO -   Epoch 10/20, Loss: 0.1897
2026-02-05 19:46:28,436 - INFO -   Epoch 15/20, Loss: 0.0952
2026-02-05 19:46:29,924 - INFO -   Epoch 20/20, Loss: 0.0683
2026-02-05 19:46:29,924 - INFO - BPR training complete.
2026-02-05 19:46:30,287 - INFO -   Progress: 100/1000, Hit@5=0.3762
2026-02-05 19:46:30,648 - INFO -   Progress: 200/1000, Hit@5=0.3731
2026-02-05 19:46:30,968 - INFO -   Progress: 300/1000, Hit@5=0.3920
2026-02-05 19:46:31,344 - INFO -   Progress: 400/1000, Hit@5=0.3940
2026-02-05 19:46:31,728 - INFO -   Progress: 500/1000, Hit@5=0.4112
2026-02-05 19:46:32,097 - INFO -   Progress: 600/1000, Hit@5=0.4077
2026-02-05 19:46:32,494 - INFO -   Progress: 700/1000, Hit@5=0.4080
2026-02-05 19:46:32,697 - INFO -   Progress: 800/1000, Hit@5=0.4132
2026-02-05 19:46:32,823 - INFO -   Progress: 900/1000, Hit@5=0.4140
2026-02-05 19:46:33,006 - INFO - Running neumf (run 3)
2026-02-05 19:46:33,010 - INFO - Training NeuMF model...
2026-02-05 19:46:40,381 - INFO -   Epoch 5/20, Loss: 0.1223
2026-02-05 19:46:47,645 - INFO -   Epoch 10/20, Loss: 0.0655
2026-02-05 19:46:55,902 - INFO -   Epoch 15/20, Loss: 0.0397
2026-02-05 19:47:04,490 - INFO -   Epoch 20/20, Loss: 0.0285
2026-02-05 19:47:04,490 - INFO - NeuMF training complete.
2026-02-05 19:47:04,794 - INFO -   Progress: 100/1000, Hit@5=0.2970
2026-02-05 19:47:05,156 - INFO -   Progress: 200/1000, Hit@5=0.3682
2026-02-05 19:47:05,539 - INFO -   Progress: 300/1000, Hit@5=0.4020
2026-02-05 19:47:05,989 - INFO -   Progress: 400/1000, Hit@5=0.3890
2026-02-05 19:47:06,458 - INFO -   Progress: 500/1000, Hit@5=0.3912
2026-02-05 19:47:06,929 - INFO -   Progress: 600/1000, Hit@5=0.3877
2026-02-05 19:47:07,436 - INFO -   Progress: 700/1000, Hit@5=0.3852
2026-02-05 19:47:07,958 - INFO -   Progress: 800/1000, Hit@5=0.3920
2026-02-05 19:47:08,481 - INFO -   Progress: 900/1000, Hit@5=0.3929
2026-02-05 19:47:09,037 - INFO - Running trie_only (run 3)
2026-02-05 19:47:10,131 - INFO -   Progress: 100/1000, Hit@5=0.5050
2026-02-05 19:47:10,149 - INFO -   Progress: 200/1000, Hit@5=0.4378
2026-02-05 19:47:10,163 - INFO -   Progress: 300/1000, Hit@5=0.4385
2026-02-05 19:47:10,178 - INFO -   Progress: 400/1000, Hit@5=0.4589
2026-02-05 19:47:10,193 - INFO -   Progress: 500/1000, Hit@5=0.4571
2026-02-05 19:47:10,211 - INFO -   Progress: 600/1000, Hit@5=0.4443
2026-02-05 19:47:10,227 - INFO -   Progress: 700/1000, Hit@5=0.4394
2026-02-05 19:47:10,241 - INFO -   Progress: 800/1000, Hit@5=0.4370
2026-02-05 19:47:10,254 - INFO -   Progress: 900/1000, Hit@5=0.4340
2026-02-05 19:47:10,280 - INFO - Running trie_llm (run 3)
2026-02-05 19:54:07,771 - INFO - 
Results saved to results/trie_llm_experiments/mind/results_20260205_195407.json
2026-02-05 19:54:07,773 - INFO - 
All results saved to results/trie_llm_experiments/all_results.json

============================================================
RESULTS: mind
============================================================

bpr:
  auc: 0.0000 +/- 0.0000
  auc_std: 0.0000 +/- 0.0000
  auc_std: 0.0000 +/- 0.0000
  catalog_coverage: 0.0073 +/- 0.0001
  coverage: 0.0000 +/- 0.0000
  coverage_std: 0.0000 +/- 0.0000
  coverage_std: 0.0000 +/- 0.0000
  diversity: 0.7723 +/- 0.0007
  diversity_std: 0.0053 +/- 0.0007
  diversity_std: 0.1861 +/- 0.0007
  f1: 0.1324 +/- 0.0003
  f1_std: 0.0025 +/- 0.0003
  f1_std: 0.1661 +/- 0.0003
  gauc: 0.0000 +/- 0.0000
  gauc_std: 0.0000 +/- 0.0000
  gauc_std: 0.0000 +/- 0.0000
  hit: 0.4037 +/- 0.0016
  hit_std: 0.0082 +/- 0.0016
  hit_std: 0.4906 +/- 0.0016
  latency_ms: 5.8847 +/- 0.4200
  latency_ms_std: 2.1659 +/- 0.4200
  latency_ms_std: 1.7482 +/- 0.4200
  long_tail_coverage: 0.1402 +/- 0.0039
  long_tail_coverage_std: 0.0053 +/- 0.0039
  long_tail_coverage_std: 0.1940 +/- 0.0039
  map: 0.1908 +/- 0.0030
  map_std: 0.0049 +/- 0.0030
  map_std: 0.3054 +/- 0.0030
  mrr: 0.2164 +/- 0.0010
  mrr_std: 0.0038 +/- 0.0010
  mrr_std: 0.3278 +/- 0.0010
  ndcg: 0.2380 +/- 0.0023
  ndcg_std: 0.0054 +/- 0.0023
  ndcg_std: 0.3319 +/- 0.0023
  novelty: 10.0559 +/- 0.0085
  novelty_std: 0.0177 +/- 0.0085
  novelty_std: 0.8559 +/- 0.0085
  num_samples: 1000.0000 +/- 0.0000
  popularity_bias: 0.3423 +/- 0.0041
  popularity_bias_std: 0.0048 +/- 0.0041
  popularity_bias_std: 0.1469 +/- 0.0041
  precision: 0.0848 +/- 0.0009
  precision_std: 0.0014 +/- 0.0009
  precision_std: 0.1072 +/- 0.0009
  recall: 0.3520 +/- 0.0024
  recall_std: 0.0079 +/- 0.0024
  recall_std: 0.4576 +/- 0.0024
  serendipity: 0.0000 +/- 0.0000
  serendipity_std: 0.0000 +/- 0.0000
  serendipity_std: 0.0000 +/- 0.0000
  tokens_used: 0.0000 +/- 0.0000
  tokens_used_std: 0.0000 +/- 0.0000
  tokens_used_std: 0.0000 +/- 0.0000

neumf:
  auc: 0.0000 +/- 0.0000
  auc_std: 0.0000 +/- 0.0000
  auc_std: 0.0000 +/- 0.0000
  catalog_coverage: 0.0077 +/- 0.0001
  coverage: 0.0000 +/- 0.0000
  coverage_std: 0.0000 +/- 0.0000
  coverage_std: 0.0000 +/- 0.0000
  diversity: 0.7672 +/- 0.0037
  diversity_std: 0.0013 +/- 0.0037
  diversity_std: 0.1884 +/- 0.0037
  f1: 0.1361 +/- 0.0008
  f1_std: 0.0044 +/- 0.0008
  f1_std: 0.1663 +/- 0.0008
  gauc: 0.0000 +/- 0.0000
  gauc_std: 0.0000 +/- 0.0000
  gauc_std: 0.0000 +/- 0.0000
  hit: 0.4147 +/- 0.0025
  hit_std: 0.0143 +/- 0.0025
  hit_std: 0.4925 +/- 0.0025
  latency_ms: 6.3623 +/- 0.4939
  latency_ms_std: 1.4314 +/- 0.4939
  latency_ms_std: 1.4618 +/- 0.4939
  long_tail_coverage: 0.1450 +/- 0.0016
  long_tail_coverage_std: 0.0052 +/- 0.0016
  long_tail_coverage_std: 0.2000 +/- 0.0016
  map: 0.1956 +/- 0.0031
  map_std: 0.0055 +/- 0.0031
  map_std: 0.3069 +/- 0.0031
  mrr: 0.2206 +/- 0.0030
  mrr_std: 0.0064 +/- 0.0030
  mrr_std: 0.3268 +/- 0.0030
  ndcg: 0.2441 +/- 0.0025
  ndcg_std: 0.0071 +/- 0.0025
  ndcg_std: 0.3332 +/- 0.0025
  novelty: 10.0940 +/- 0.0119
  novelty_std: 0.0207 +/- 0.0119
  novelty_std: 0.8639 +/- 0.0119
  num_samples: 1000.0000 +/- 0.0000
  popularity_bias: 0.3361 +/- 0.0030
  popularity_bias_std: 0.0027 +/- 0.0030
  popularity_bias_std: 0.1440 +/- 0.0030
  precision: 0.0868 +/- 0.0003
  precision_std: 0.0028 +/- 0.0003
  precision_std: 0.1069 +/- 0.0003
  recall: 0.3621 +/- 0.0030
  recall_std: 0.0121 +/- 0.0030
  recall_std: 0.4593 +/- 0.0030
  serendipity: 0.0000 +/- 0.0000
  serendipity_std: 0.0000 +/- 0.0000
  serendipity_std: 0.0000 +/- 0.0000
  tokens_used: 0.0000 +/- 0.0000
  tokens_used_std: 0.0000 +/- 0.0000
  tokens_used_std: 0.0000 +/- 0.0000

trie_only:
  auc: 0.0000 +/- 0.0000
  auc_std: 0.0000 +/- 0.0000
  auc_std: 0.0000 +/- 0.0000
  catalog_coverage: 0.0059 +/- 0.0001
  coverage: 0.0000 +/- 0.0000
  coverage_std: 0.0000 +/- 0.0000
  coverage_std: 0.0000 +/- 0.0000
  diversity: 0.5723 +/- 0.0050
  diversity_std: 0.0077 +/- 0.0050
  diversity_std: 0.2549 +/- 0.0050
  f1: 0.1480 +/- 0.0015
  f1_std: 0.0028 +/- 0.0015
  f1_std: 0.1717 +/- 0.0015
  gauc: 0.0000 +/- 0.0000
  gauc_std: 0.0000 +/- 0.0000
  gauc_std: 0.0000 +/- 0.0000
  hit: 0.4447 +/- 0.0009
  hit_std: 0.0078 +/- 0.0009
  hit_std: 0.4969 +/- 0.0009
  latency_ms: 0.1211 +/- 0.0033
  latency_ms_std: 0.0034 +/- 0.0033
  latency_ms_std: 0.1313 +/- 0.0033
  long_tail_coverage: 0.0461 +/- 0.0031
  long_tail_coverage_std: 0.0015 +/- 0.0031
  long_tail_coverage_std: 0.1217 +/- 0.0031
  map: 0.2147 +/- 0.0161
  map_std: 0.0119 +/- 0.0161
  map_std: 0.3204 +/- 0.0161
  mrr: 0.2449 +/- 0.0153
  mrr_std: 0.0131 +/- 0.0153
  mrr_std: 0.3429 +/- 0.0153
  ndcg: 0.2658 +/- 0.0113
  ndcg_std: 0.0103 +/- 0.0113
  ndcg_std: 0.3438 +/- 0.0113
  novelty: 9.6504 +/- 0.0062
  novelty_std: 0.0298 +/- 0.0062
  novelty_std: 0.6587 +/- 0.0062
  num_samples: 1000.0000 +/- 0.0000
  popularity_bias: 0.3954 +/- 0.0030
  popularity_bias_std: 0.0091 +/- 0.0030
  popularity_bias_std: 0.1431 +/- 0.0030
  precision: 0.0960 +/- 0.0022
  precision_std: 0.0020 +/- 0.0022
  precision_std: 0.1143 +/- 0.0022
  recall: 0.3844 +/- 0.0009
  recall_std: 0.0062 +/- 0.0009
  recall_std: 0.4617 +/- 0.0009
  serendipity: 0.0000 +/- 0.0000
  serendipity_std: 0.0000 +/- 0.0000
  serendipity_std: 0.0000 +/- 0.0000
  tokens_used: 0.0000 +/- 0.0000
  tokens_used_std: 0.0000 +/- 0.0000
  tokens_used_std: 0.0000 +/- 0.0000

trie_llm:
  auc: 0.0000 +/- 0.0000
  auc_std: 0.0000 +/- 0.0000
  auc_std: 0.0000 +/- 0.0000
  catalog_coverage: 0.0025 +/- 0.0002
  coverage: 0.0000 +/- 0.0000
  coverage_std: 0.0000 +/- 0.0000
  coverage_std: 0.0000 +/- 0.0000
  diversity: 0.5576 +/- 0.0066
  diversity_std: 0.0093 +/- 0.0066
  diversity_std: 0.2659 +/- 0.0066
  f1: 0.1551 +/- 0.0109
  f1_std: 0.0162 +/- 0.0109
  f1_std: 0.1706 +/- 0.0109
  gauc: 0.0000 +/- 0.0000
  gauc_std: 0.0000 +/- 0.0000
  gauc_std: 0.0000 +/- 0.0000
  hit: 0.4740 +/- 0.0013
  hit_std: 0.0436 +/- 0.0013
  hit_std: 0.4974 +/- 0.0013
  latency_ms: 5321.0890 +/- 292.1365
  latency_ms_std: 756.8111 +/- 292.1365
  latency_ms_std: 3192.1254 +/- 292.1365
  long_tail_coverage: 0.0431 +/- 0.0193
  long_tail_coverage_std: 0.0116 +/- 0.0193
  long_tail_coverage_std: 0.1274 +/- 0.0193
  map: 0.2134 +/- 0.0060
  map_std: 0.0240 +/- 0.0060
  map_std: 0.3130 +/- 0.0060
  mrr: 0.2507 +/- 0.0099
  mrr_std: 0.0320 +/- 0.0099
  mrr_std: 0.3307 +/- 0.0099
  ndcg: 0.2690 +/- 0.0065
  ndcg_std: 0.0288 +/- 0.0065
  ndcg_std: 0.3356 +/- 0.0065
  novelty: 9.6840 +/- 0.0583
  novelty_std: 0.0618 +/- 0.0583
  novelty_std: 0.6459 +/- 0.0583
  num_samples: 97.6667 +/- 8.4984
  popularity_bias: 0.3869 +/- 0.0096
  popularity_bias_std: 0.0134 +/- 0.0096
  popularity_bias_std: 0.1361 +/- 0.0096
  precision: 0.1029 +/- 0.0119
  precision_std: 0.0118 +/- 0.0119
  precision_std: 0.1137 +/- 0.0119
  recall: 0.3900 +/- 0.0067
  recall_std: 0.0327 +/- 0.0067
  recall_std: 0.4555 +/- 0.0067
  serendipity: 0.0000 +/- 0.0000
  serendipity_std: 0.0000 +/- 0.0000
  serendipity_std: 0.0000 +/- 0.0000
  tokens_used: 110.6405 +/- 2.6278
  tokens_used_std: 2.5393 +/- 2.6278
  tokens_used_std: 42.0506 +/- 2.6278
